// Jest Snapshot v1, https://goo.gl/fbAQLP

exports[`Test NavBar component should show successfully 1`] = `
<nav
  className="navbar navbar-expand-sm navbar-dark bg-dark"
>
  <a
    className="navbar-brand"
    href="/"
    onClick={[Function]}
  >
    HeroApp
  </a>
  <div
    className="navbar-collapse"
  >
    <div
      className="navbar-nav"
    >
      <a
        className="nav-item nav-link activefalse"
        href="/marvel"
        onClick={[Function]}
      >
        Marvel
      </a>
      <a
        className="nav-item nav-link activefalse"
        href="/dc"
        onClick={[Function]}
      >
        DC
      </a>
      <a
        className="nav-item nav-link activefalse"
        href="/search"
        onClick={[Function]}
      >
        Search
      </a>
    </div>
  </div>
  <div
    className="navbar-collapse collapse w-100 order-3 dual-collapse2 d-flex justify-content-end"
  >
    <ul
      className="navbar-nav ml-auto"
    >
      <span
        className="nav-item nav-link text-info"
      >
        test
      </span>
      <button
        className="nav-item nav-link btn"
        onClick={[Function]}
      >
        Logout
      </button>
    </ul>
  </div>
</nav>
`;
